srkirkland@ucdavis.edu => Sorry, your auction for item description did not have any bidders.
