FirstName: Scott, LastName: Kirkland, Email: srkirkland@ucdavis.edu, UserName: srkirkland, Password: givingService